id: no-constant-condition
snapshots:
  '(q = 0) ? 1 : 2;':
    labels:
    - source: '(q = 0) ? 1 : 2'
      style: primary
      start: 0
      end: 15
    - source: '0'
      style: secondary
      start: 5
      end: 6
    - source: q = 0
      style: secondary
      start: 1
      end: 6
    - source: (q = 0)
      style: secondary
      start: 0
      end: 7
  '1 ? 1 : 2;':
    labels:
    - source: '1 ? 1 : 2'
      style: primary
      start: 0
      end: 9
    - source: '1'
      style: secondary
      start: 0
      end: 1
  '`` ? 1 : 2;':
    labels:
    - source: '`` ? 1 : 2'
      style: primary
      start: 0
      end: 10
    - source: '``'
      style: secondary
      start: 0
      end: 2
  '`foo${bar}` ? 1 : 2;':
    labels:
    - source: '`foo${bar}` ? 1 : 2'
      style: primary
      start: 0
      end: 19
    - source: '`foo${bar}`'
      style: secondary
      start: 0
      end: 11
  '`foo` ? 1 : 2;':
    labels:
    - source: '`foo` ? 1 : 2'
      style: primary
      start: 0
      end: 13
    - source: '`foo`'
      style: secondary
      start: 0
      end: 5
  function* foo(){if (true) {yield 'foo';}}:
    labels:
    - source: if (true) {yield 'foo';}
      style: primary
      start: 16
      end: 40
    - source: 'true'
      style: secondary
      start: 20
      end: 24
    - source: (true)
      style: secondary
      start: 19
      end: 25
  function* foo(){while(true){if (true) {yield 'foo';}}}:
    labels:
    - source: if (true) {yield 'foo';}
      style: primary
      start: 28
      end: 52
    - source: 'true'
      style: secondary
      start: 32
      end: 36
  if(!(a &&= 0) + 1);:
    labels:
    - source: if(!(a &&= 0) + 1);
      style: primary
      start: 0
      end: 19
    - source: '!'
      style: secondary
      start: 3
      end: 4
    - source: '&&='
      style: secondary
      start: 7
      end: 10
    - source: '0'
      style: secondary
      start: 11
      end: 12
    - source: a &&= 0
      style: secondary
      start: 5
      end: 12
    - source: (a &&= 0)
      style: secondary
      start: 4
      end: 13
    - source: '!(a &&= 0)'
      style: secondary
      start: 3
      end: 13
    - source: '1'
      style: secondary
      start: 16
      end: 17
    - source: '!(a &&= 0) + 1'
      style: secondary
      start: 3
      end: 17
    - source: (!(a &&= 0) + 1)
      style: secondary
      start: 2
      end: 18
  if(!(a &&= false));:
    labels:
    - source: if(!(a &&= false));
      style: primary
      start: 0
      end: 19
    - source: '!'
      style: secondary
      start: 3
      end: 4
    - source: '&&='
      style: secondary
      start: 7
      end: 10
    - source: 'false'
      style: secondary
      start: 11
      end: 16
    - source: a &&= false
      style: secondary
      start: 5
      end: 16
    - source: (a &&= false)
      style: secondary
      start: 4
      end: 17
    - source: '!(a &&= false)'
      style: secondary
      start: 3
      end: 17
    - source: (!(a &&= false))
      style: secondary
      start: 2
      end: 18
  if(!(true || a));:
    labels:
    - source: if(!(true || a));
      style: primary
      start: 0
      end: 17
    - source: '!'
      style: secondary
      start: 3
      end: 4
    - source: '||'
      style: secondary
      start: 10
      end: 12
    - source: '||'
      style: secondary
      start: 10
      end: 12
    - source: 'true'
      style: secondary
      start: 5
      end: 9
    - source: true || a
      style: secondary
      start: 5
      end: 14
    - source: (true || a)
      style: secondary
      start: 4
      end: 15
    - source: '!(true || a)'
      style: secondary
      start: 3
      end: 15
    - source: (!(true || a))
      style: secondary
      start: 2
      end: 16
  if(!typeof a === 'string');:
    labels:
    - source: if(!typeof a === 'string');
      style: primary
      start: 0
      end: 27
    - source: '!'
      style: secondary
      start: 3
      end: 4
    - source: typeof
      style: secondary
      start: 4
      end: 10
    - source: typeof a
      style: secondary
      start: 4
      end: 12
    - source: '!typeof a'
      style: secondary
      start: 3
      end: 12
    - source: '''string'''
      style: secondary
      start: 17
      end: 25
    - source: '!typeof a === ''string'''
      style: secondary
      start: 3
      end: 25
    - source: (!typeof a === 'string')
      style: secondary
      start: 2
      end: 26
  if('str' || a){}:
    labels:
    - source: if('str' || a){}
      style: primary
      start: 0
      end: 16
    - source: '||'
      style: secondary
      start: 9
      end: 11
    - source: '||'
      style: secondary
      start: 9
      end: 11
    - source: '''str'''
      style: secondary
      start: 3
      end: 8
    - source: '''str'' || a'
      style: secondary
      start: 3
      end: 13
    - source: ('str' || a)
      style: secondary
      start: 2
      end: 14
  if('str' || abc==='str'){}:
    labels:
    - source: if('str' || abc==='str'){}
      style: primary
      start: 0
      end: 26
    - source: '||'
      style: secondary
      start: 9
      end: 11
    - source: '||'
      style: secondary
      start: 9
      end: 11
    - source: '''str'''
      style: secondary
      start: 3
      end: 8
    - source: '''str'' || abc===''str'''
      style: secondary
      start: 3
      end: 23
    - source: ('str' || abc==='str')
      style: secondary
      start: 2
      end: 24
  if('str1' && 'str2'){}:
    labels:
    - source: if('str1' && 'str2'){}
      style: primary
      start: 0
      end: 22
    - source: '&&'
      style: secondary
      start: 10
      end: 12
    - source: '''str1'''
      style: secondary
      start: 3
      end: 9
    - source: '''str2'''
      style: secondary
      start: 13
      end: 19
    - source: '''str1'' && ''str2'''
      style: secondary
      start: 3
      end: 19
    - source: ('str1' && 'str2')
      style: secondary
      start: 2
      end: 20
  if('str1' || 'str2'){}:
    labels:
    - source: if('str1' || 'str2'){}
      style: primary
      start: 0
      end: 22
    - source: '||'
      style: secondary
      start: 10
      end: 12
    - source: '''str1'''
      style: secondary
      start: 3
      end: 9
    - source: '''str2'''
      style: secondary
      start: 13
      end: 19
    - source: '''str1'' || ''str2'''
      style: secondary
      start: 3
      end: 19
    - source: ('str1' || 'str2')
      style: secondary
      start: 2
      end: 20
  if((a &&= false) || false);:
    labels:
    - source: if((a &&= false) || false);
      style: primary
      start: 0
      end: 27
    - source: '||'
      style: secondary
      start: 17
      end: 19
    - source: '&&='
      style: secondary
      start: 6
      end: 9
    - source: 'false'
      style: secondary
      start: 10
      end: 15
    - source: a &&= false
      style: secondary
      start: 4
      end: 15
    - source: (a &&= false)
      style: secondary
      start: 3
      end: 16
    - source: 'false'
      style: secondary
      start: 20
      end: 25
    - source: (a &&= false) || false
      style: secondary
      start: 3
      end: 25
    - source: ((a &&= false) || false)
      style: secondary
      start: 2
      end: 26
  if(+(!(a && 0)));:
    labels:
    - source: if(+(!(a && 0)));
      style: primary
      start: 0
      end: 17
    - source: '!'
      style: secondary
      start: 5
      end: 6
    - source: '&&'
      style: secondary
      start: 9
      end: 11
    - source: '&&'
      style: secondary
      start: 9
      end: 11
    - source: '0'
      style: secondary
      start: 12
      end: 13
    - source: a && 0
      style: secondary
      start: 7
      end: 13
    - source: (a && 0)
      style: secondary
      start: 6
      end: 14
    - source: '!(a && 0)'
      style: secondary
      start: 5
      end: 14
    - source: (!(a && 0))
      style: secondary
      start: 4
      end: 15
    - source: +(!(a && 0))
      style: secondary
      start: 3
      end: 15
    - source: (+(!(a && 0)))
      style: secondary
      start: 2
      end: 16
  if(+1) {}:
    labels:
    - source: if(+1) {}
      style: primary
      start: 0
      end: 9
    - source: '1'
      style: secondary
      start: 4
      end: 5
    - source: '+1'
      style: secondary
      start: 3
      end: 5
    - source: (+1)
      style: secondary
      start: 2
      end: 6
  if(-('foo' || a));:
    labels:
    - source: if(-('foo' || a));
      style: primary
      start: 0
      end: 18
    - source: '||'
      style: secondary
      start: 11
      end: 13
    - source: '''foo'''
      style: secondary
      start: 5
      end: 10
    - source: '||'
      style: secondary
      start: 11
      end: 13
    - source: '''foo'' || a'
      style: secondary
      start: 5
      end: 15
    - source: ('foo' || a)
      style: secondary
      start: 4
      end: 16
    - source: -('foo' || a)
      style: secondary
      start: 3
      end: 16
    - source: (-('foo' || a))
      style: secondary
      start: 2
      end: 17
  if(-2);:
    labels:
    - source: if(-2);
      style: primary
      start: 0
      end: 7
    - source: '2'
      style: secondary
      start: 4
      end: 5
    - source: '-2'
      style: secondary
      start: 3
      end: 5
    - source: (-2)
      style: secondary
      start: 2
      end: 6
  if(/foo/ui);:
    labels:
    - source: if(/foo/ui);
      style: primary
      start: 0
      end: 12
    - source: /foo/ui
      style: secondary
      start: 3
      end: 10
    - source: (/foo/ui)
      style: secondary
      start: 2
      end: 11
  if(0 < 1);:
    labels:
    - source: if(0 < 1);
      style: primary
      start: 0
      end: 10
    - source: '0'
      style: secondary
      start: 3
      end: 4
    - source: '1'
      style: secondary
      start: 7
      end: 8
    - source: 0 < 1
      style: secondary
      start: 3
      end: 8
    - source: (0 < 1)
      style: secondary
      start: 2
      end: 9
  if(0 || !(a && null));:
    labels:
    - source: if(0 || !(a && null));
      style: primary
      start: 0
      end: 22
    - source: '||'
      style: secondary
      start: 5
      end: 7
    - source: '0'
      style: secondary
      start: 3
      end: 4
    - source: '!'
      style: secondary
      start: 8
      end: 9
    - source: '&&'
      style: secondary
      start: 12
      end: 14
    - source: '&&'
      style: secondary
      start: 12
      end: 14
    - source: 'null'
      style: secondary
      start: 15
      end: 19
    - source: a && null
      style: secondary
      start: 10
      end: 19
    - source: (a && null)
      style: secondary
      start: 9
      end: 20
    - source: '!(a && null)'
      style: secondary
      start: 8
      end: 20
    - source: 0 || !(a && null)
      style: secondary
      start: 3
      end: 20
    - source: (0 || !(a && null))
      style: secondary
      start: 2
      end: 21
  if(0 || 1);:
    labels:
    - source: if(0 || 1);
      style: primary
      start: 0
      end: 11
    - source: '||'
      style: secondary
      start: 5
      end: 7
    - source: '0'
      style: secondary
      start: 3
      end: 4
    - source: '1'
      style: secondary
      start: 8
      end: 9
    - source: 0 || 1
      style: secondary
      start: 3
      end: 9
    - source: (0 || 1)
      style: secondary
      start: 2
      end: 10
  if(0b0n);:
    labels:
    - source: if(0b0n);
      style: primary
      start: 0
      end: 9
    - source: 0b0n
      style: secondary
      start: 3
      end: 7
    - source: (0b0n)
      style: secondary
      start: 2
      end: 8
  if(0b1n);:
    labels:
    - source: if(0b1n);
      style: primary
      start: 0
      end: 9
    - source: 0b1n
      style: secondary
      start: 3
      end: 7
    - source: (0b1n)
      style: secondary
      start: 2
      end: 8
  if(0n);:
    labels:
    - source: if(0n);
      style: primary
      start: 0
      end: 7
    - source: 0n
      style: secondary
      start: 3
      end: 5
    - source: (0n)
      style: secondary
      start: 2
      end: 6
  if(0o0n);:
    labels:
    - source: if(0o0n);
      style: primary
      start: 0
      end: 9
    - source: 0o0n
      style: secondary
      start: 3
      end: 7
    - source: (0o0n)
      style: secondary
      start: 2
      end: 8
  if(0o1n);:
    labels:
    - source: if(0o1n);
      style: primary
      start: 0
      end: 9
    - source: 0o1n
      style: secondary
      start: 3
      end: 7
    - source: (0o1n)
      style: secondary
      start: 2
      end: 8
  if(0x0n);:
    labels:
    - source: if(0x0n);
      style: primary
      start: 0
      end: 9
    - source: 0x0n
      style: secondary
      start: 3
      end: 7
    - source: (0x0n)
      style: secondary
      start: 2
      end: 8
  if(0x1n || foo);:
    labels:
    - source: if(0x1n || foo);
      style: primary
      start: 0
      end: 16
    - source: '||'
      style: secondary
      start: 8
      end: 10
    - source: '||'
      style: secondary
      start: 8
      end: 10
    - source: 0x1n
      style: secondary
      start: 3
      end: 7
    - source: 0x1n || foo
      style: secondary
      start: 3
      end: 14
    - source: (0x1n || foo)
      style: secondary
      start: 2
      end: 15
  if(0x1n);:
    labels:
    - source: if(0x1n);
      style: primary
      start: 0
      end: 9
    - source: 0x1n
      style: secondary
      start: 3
      end: 7
    - source: (0x1n)
      style: secondary
      start: 2
      end: 8
  if(1);:
    labels:
    - source: if(1);
      style: primary
      start: 0
      end: 6
    - source: '1'
      style: secondary
      start: 3
      end: 4
    - source: (1)
      style: secondary
      start: 2
      end: 5
  if([]) {}:
    labels:
    - source: if([]) {}
      style: primary
      start: 0
      end: 9
    - source: '[]'
      style: secondary
      start: 3
      end: 5
    - source: ([])
      style: secondary
      start: 2
      end: 6
  if([a]) {}:
    labels:
    - source: if([a]) {}
      style: primary
      start: 0
      end: 10
    - source: '[a]'
      style: secondary
      start: 3
      end: 6
    - source: ([a])
      style: secondary
      start: 2
      end: 7
  if(`${'bar' + `foo`}`);:
    labels:
    - source: if(`${'bar' + `foo`}`);
      style: primary
      start: 0
      end: 23
    - source: '`${''bar'' + `foo`}`'
      style: secondary
      start: 3
      end: 21
  if(`${'bar'}`);:
    labels:
    - source: if(`${'bar'}`);
      style: primary
      start: 0
      end: 15
    - source: '`${''bar''}`'
      style: secondary
      start: 3
      end: 13
  if(`${[...['a']]}`) {}:
    labels:
    - source: if(`${[...['a']]}`) {}
      style: primary
      start: 0
      end: 22
    - source: '`${[...[''a'']]}`'
      style: secondary
      start: 3
      end: 18
  if(`${bar}foo`);:
    labels:
    - source: if(`${bar}foo`);
      style: primary
      start: 0
      end: 16
    - source: '`${bar}foo`'
      style: secondary
      start: 3
      end: 14
    - source: (`${bar}foo`)
      style: secondary
      start: 2
      end: 15
  ? |-
    if(`\
    `);
  : labels:
    - source: |-
        if(`\
        `);
      style: primary
      start: 0
      end: 9
    - source: |-
        `\
        `
      style: secondary
      start: 3
      end: 7
    - source: |-
        (`\
        `)
      style: secondary
      start: 2
      end: 8
  if(``);:
    labels:
    - source: if(``);
      style: primary
      start: 0
      end: 7
    - source: '``'
      style: secondary
      start: 3
      end: 5
    - source: (``)
      style: secondary
      start: 2
      end: 6
  if(`foo${0 || 1}`);:
    labels:
    - source: if(`foo${0 || 1}`);
      style: primary
      start: 0
      end: 19
    - source: '`foo${0 || 1}`'
      style: secondary
      start: 3
      end: 17
    - source: (`foo${0 || 1}`)
      style: secondary
      start: 2
      end: 18
  if(`foo${bar}`);:
    labels:
    - source: if(`foo${bar}`);
      style: primary
      start: 0
      end: 16
    - source: '`foo${bar}`'
      style: secondary
      start: 3
      end: 14
    - source: (`foo${bar}`)
      style: secondary
      start: 2
      end: 15
  if(`foo${false || true}`);:
    labels:
    - source: if(`foo${false || true}`);
      style: primary
      start: 0
      end: 26
    - source: '`foo${false || true}`'
      style: secondary
      start: 3
      end: 24
    - source: (`foo${false || true}`)
      style: secondary
      start: 2
      end: 25
  if(`foo`);:
    labels:
    - source: if(`foo`);
      style: primary
      start: 0
      end: 10
    - source: '`foo`'
      style: secondary
      start: 3
      end: 8
    - source: (`foo`)
      style: secondary
      start: 2
      end: 9
  if(a &&= false);:
    labels:
    - source: if(a &&= false);
      style: primary
      start: 0
      end: 16
    - source: '&&='
      style: secondary
      start: 5
      end: 8
    - source: 'false'
      style: secondary
      start: 9
      end: 14
    - source: a &&= false
      style: secondary
      start: 3
      end: 14
    - source: (a &&= false)
      style: secondary
      start: 2
      end: 15
  if(a &&= null);:
    labels:
    - source: if(a &&= null);
      style: primary
      start: 0
      end: 15
    - source: '&&='
      style: secondary
      start: 5
      end: 8
    - source: 'null'
      style: secondary
      start: 9
      end: 13
    - source: a &&= null
      style: secondary
      start: 3
      end: 13
    - source: (a &&= null)
      style: secondary
      start: 2
      end: 14
  if(a &&= void b);:
    labels:
    - source: if(a &&= void b);
      style: primary
      start: 0
      end: 17
    - source: '&&='
      style: secondary
      start: 5
      end: 8
    - source: void
      style: secondary
      start: 9
      end: 13
    - source: void b
      style: secondary
      start: 9
      end: 15
    - source: a &&= void b
      style: secondary
      start: 3
      end: 15
    - source: (a &&= void b)
      style: secondary
      start: 2
      end: 16
  if(a = typeof b){}:
    labels:
    - source: if(a = typeof b){}
      style: primary
      start: 0
      end: 18
    - source: typeof
      style: secondary
      start: 7
      end: 13
    - source: typeof b
      style: secondary
      start: 7
      end: 15
    - source: a = typeof b
      style: secondary
      start: 3
      end: 15
    - source: (a = typeof b)
      style: secondary
      start: 2
      end: 16
  if(a, 1);:
    labels:
    - source: if(a, 1);
      style: primary
      start: 0
      end: 9
    - source: '1'
      style: secondary
      start: 6
      end: 7
    - source: a, 1
      style: secondary
      start: 3
      end: 7
    - source: (a, 1)
      style: secondary
      start: 2
      end: 8
  if(a, typeof b){}:
    labels:
    - source: if(a, typeof b){}
      style: primary
      start: 0
      end: 17
    - source: typeof
      style: secondary
      start: 6
      end: 12
    - source: typeof b
      style: secondary
      start: 6
      end: 14
    - source: a, typeof b
      style: secondary
      start: 3
      end: 14
    - source: (a, typeof b)
      style: secondary
      start: 2
      end: 15
  if(class {}) {}:
    labels:
    - source: if(class {}) {}
      style: primary
      start: 0
      end: 15
    - source: class {}
      style: secondary
      start: 3
      end: 11
    - source: (class {})
      style: secondary
      start: 2
      end: 12
  if(false || (a &&= false));:
    labels:
    - source: if(false || (a &&= false));
      style: primary
      start: 0
      end: 27
    - source: '||'
      style: secondary
      start: 9
      end: 11
    - source: 'false'
      style: secondary
      start: 3
      end: 8
    - source: '&&='
      style: secondary
      start: 15
      end: 18
    - source: 'false'
      style: secondary
      start: 19
      end: 24
    - source: a &&= false
      style: secondary
      start: 13
      end: 24
    - source: (a &&= false)
      style: secondary
      start: 12
      end: 25
    - source: false || (a &&= false)
      style: secondary
      start: 3
      end: 25
    - source: (false || (a &&= false))
      style: secondary
      start: 2
      end: 26
  if(new Boolean(foo)) {}:
    labels:
    - source: if(new Boolean(foo)) {}
      style: primary
      start: 0
      end: 23
    - source: new Boolean(foo)
      style: secondary
      start: 3
      end: 19
    - source: (new Boolean(foo))
      style: secondary
      start: 2
      end: 20
  if(new Foo()) {}:
    labels:
    - source: if(new Foo()) {}
      style: primary
      start: 0
      end: 16
    - source: new Foo()
      style: secondary
      start: 3
      end: 12
    - source: (new Foo())
      style: secondary
      start: 2
      end: 13
  if(new Number(foo)) {}:
    labels:
    - source: if(new Number(foo)) {}
      style: primary
      start: 0
      end: 22
    - source: new Number(foo)
      style: secondary
      start: 3
      end: 18
    - source: (new Number(foo))
      style: secondary
      start: 2
      end: 19
  if(new String(foo)) {}:
    labels:
    - source: if(new String(foo)) {}
      style: primary
      start: 0
      end: 22
    - source: new String(foo)
      style: secondary
      start: 3
      end: 18
    - source: (new String(foo))
      style: secondary
      start: 2
      end: 19
  if(true);:
    labels:
    - source: if(true);
      style: primary
      start: 0
      end: 9
    - source: 'true'
      style: secondary
      start: 3
      end: 7
    - source: (true)
      style: secondary
      start: 2
      end: 8
  if(typeof 'a' == 'string' || typeof 'b' == 'string'){}:
    labels:
    - source: if(typeof 'a' == 'string' || typeof 'b' == 'string'){}
      style: primary
      start: 0
      end: 54
    - source: '||'
      style: secondary
      start: 26
      end: 28
    - source: '''a'''
      style: secondary
      start: 10
      end: 13
    - source: typeof 'a'
      style: secondary
      start: 3
      end: 13
    - source: '''string'''
      style: secondary
      start: 17
      end: 25
    - source: typeof 'a' == 'string'
      style: secondary
      start: 3
      end: 25
    - source: '''b'''
      style: secondary
      start: 36
      end: 39
    - source: typeof 'b'
      style: secondary
      start: 29
      end: 39
    - source: '''string'''
      style: secondary
      start: 43
      end: 51
    - source: typeof 'b' == 'string'
      style: secondary
      start: 29
      end: 51
    - source: typeof 'a' == 'string' || typeof 'b' == 'string'
      style: secondary
      start: 3
      end: 51
    - source: (typeof 'a' == 'string' || typeof 'b' == 'string')
      style: secondary
      start: 2
      end: 52
  if(typeof 'abc' === 'string'){}:
    labels:
    - source: if(typeof 'abc' === 'string'){}
      style: primary
      start: 0
      end: 31
    - source: '''abc'''
      style: secondary
      start: 10
      end: 15
    - source: typeof 'abc'
      style: secondary
      start: 3
      end: 15
    - source: '''string'''
      style: secondary
      start: 20
      end: 28
    - source: typeof 'abc' === 'string'
      style: secondary
      start: 3
      end: 28
    - source: (typeof 'abc' === 'string')
      style: secondary
      start: 2
      end: 29
  if(typeof x){}:
    labels:
    - source: if(typeof x){}
      style: primary
      start: 0
      end: 14
    - source: typeof
      style: secondary
      start: 3
      end: 9
    - source: typeof x
      style: secondary
      start: 3
      end: 11
    - source: (typeof x)
      style: secondary
      start: 2
      end: 12
  if({});:
    labels:
    - source: if({});
      style: primary
      start: 0
      end: 7
    - source: '{}'
      style: secondary
      start: 3
      end: 5
    - source: ({})
      style: secondary
      start: 2
      end: 6
  'q = 0 ? 1 : 2;':
    labels:
    - source: '0 ? 1 : 2'
      style: primary
      start: 4
      end: 13
    - source: '0'
      style: secondary
      start: 4
      end: 5
  'true ? 1 : 2;':
    labels:
    - source: 'true ? 1 : 2'
      style: primary
      start: 0
      end: 12
    - source: 'true'
      style: secondary
      start: 0
      end: 4
