id: no-constructor-return
snapshots:
  class C { constructor() { return '' } }:
    labels:
    - source: return ''
      style: primary
      start: 26
      end: 35
    - source: constructor
      style: secondary
      start: 10
      end: 21
    - source: constructor
      style: secondary
      start: 10
      end: 21
  class C { constructor() { return ;} }:
    labels:
    - source: return ;
      style: primary
      start: 26
      end: 34
    - source: constructor
      style: secondary
      start: 10
      end: 21
    - source: constructor() { return ;}
      style: secondary
      start: 10
      end: 35
  class C { constructor() { return } }:
    labels:
    - source: return
      style: primary
      start: 26
      end: 32
    - source: constructor
      style: secondary
      start: 10
      end: 21
    - source: constructor() { return }
      style: secondary
      start: 10
      end: 34
  class C { constructor(a) { if (!a) { return '' } else { a() } } }:
    labels:
    - source: return ''
      style: primary
      start: 37
      end: 46
    - source: constructor
      style: secondary
      start: 10
      end: 21
    - source: constructor
      style: secondary
      start: 10
      end: 21
