id: no-cond-assign
snapshots:
  do { } while (x = x + 1);:
    labels:
    - source: x = x + 1
      style: primary
      start: 14
      end: 23
    - source: do { } while (x = x + 1);
      style: secondary
      start: 0
      end: 25
    - source: (x = x + 1)
      style: secondary
      start: 13
      end: 24
  for(; x = y; ) { }:
    labels:
    - source: x = y
      style: primary
      start: 6
      end: 11
    - source: for(; x = y; ) { }
      style: secondary
      start: 0
      end: 18
  if (x = 0) { }:
    labels:
    - source: x = 0
      style: primary
      start: 4
      end: 9
    - source: if (x = 0) { }
      style: secondary
      start: 0
      end: 14
    - source: (x = 0)
      style: secondary
      start: 3
      end: 10
  var x = 0, y; do { y = x; } while (x = x + 1);:
    labels:
    - source: x = x + 1
      style: primary
      start: 35
      end: 44
    - source: do { y = x; } while (x = x + 1);
      style: secondary
      start: 14
      end: 46
    - source: (x = x + 1)
      style: secondary
      start: 34
      end: 45
  var x; for(; x+=1 ;){};:
    labels:
    - source: x+=1
      style: primary
      start: 13
      end: 17
    - source: for(; x+=1 ;){}
      style: secondary
      start: 7
      end: 22
  var x; if ((x) = (0));:
    labels:
    - source: (x) = (0)
      style: primary
      start: 11
      end: 20
    - source: if ((x) = (0));
      style: secondary
      start: 7
      end: 22
    - source: ((x) = (0))
      style: secondary
      start: 10
      end: 21
  var x; if (x = 0) { var b = 1; }:
    labels:
    - source: x = 0
      style: primary
      start: 11
      end: 16
    - source: if (x = 0) { var b = 1; }
      style: secondary
      start: 7
      end: 32
    - source: (x = 0)
      style: secondary
      start: 10
      end: 17
  var x; while (x = 0) { var b = 1; }:
    labels:
    - source: x = 0
      style: primary
      start: 14
      end: 19
    - source: while (x = 0) { var b = 1; }
      style: secondary
      start: 7
      end: 35
    - source: (x = 0)
      style: secondary
      start: 13
      end: 20
  while (x = 0) { }:
    labels:
    - source: x = 0
      style: primary
      start: 7
      end: 12
    - source: while (x = 0) { }
      style: secondary
      start: 0
      end: 17
    - source: (x = 0)
      style: secondary
      start: 6
      end: 13
