id: no-compare-neg-zero
snapshots:
  -0 < x:
    labels:
    - source: -0 < x
      style: primary
      start: 0
      end: 6
    - source: '-0'
      style: secondary
      start: 0
      end: 2
    - source: <
      style: secondary
      start: 3
      end: 4
  -0 <= x:
    labels:
    - source: -0 <= x
      style: primary
      start: 0
      end: 7
    - source: '-0'
      style: secondary
      start: 0
      end: 2
    - source: <=
      style: secondary
      start: 3
      end: 5
  -0 == x:
    labels:
    - source: -0 == x
      style: primary
      start: 0
      end: 7
    - source: '-0'
      style: secondary
      start: 0
      end: 2
    - source: ==
      style: secondary
      start: 3
      end: 5
  -0 === x:
    labels:
    - source: -0 === x
      style: primary
      start: 0
      end: 8
    - source: '-0'
      style: secondary
      start: 0
      end: 2
    - source: ===
      style: secondary
      start: 3
      end: 6
  -0 > x:
    labels:
    - source: -0 > x
      style: primary
      start: 0
      end: 6
    - source: '-0'
      style: secondary
      start: 0
      end: 2
    - source: '>'
      style: secondary
      start: 3
      end: 4
  -0 >= x:
    labels:
    - source: -0 >= x
      style: primary
      start: 0
      end: 7
    - source: '-0'
      style: secondary
      start: 0
      end: 2
    - source: '>='
      style: secondary
      start: 3
      end: 5
  x < -0:
    labels:
    - source: x < -0
      style: primary
      start: 0
      end: 6
    - source: '-0'
      style: secondary
      start: 4
      end: 6
    - source: <
      style: secondary
      start: 2
      end: 3
  x <= -0:
    labels:
    - source: x <= -0
      style: primary
      start: 0
      end: 7
    - source: '-0'
      style: secondary
      start: 5
      end: 7
    - source: <=
      style: secondary
      start: 2
      end: 4
  x == -0:
    labels:
    - source: x == -0
      style: primary
      start: 0
      end: 7
    - source: '-0'
      style: secondary
      start: 5
      end: 7
    - source: ==
      style: secondary
      start: 2
      end: 4
  x === -0:
    labels:
    - source: x === -0
      style: primary
      start: 0
      end: 8
    - source: '-0'
      style: secondary
      start: 6
      end: 8
    - source: ===
      style: secondary
      start: 2
      end: 5
  x > -0:
    labels:
    - source: x > -0
      style: primary
      start: 0
      end: 6
    - source: '-0'
      style: secondary
      start: 4
      end: 6
    - source: '>'
      style: secondary
      start: 2
      end: 3
  x >= -0:
    labels:
    - source: x >= -0
      style: primary
      start: 0
      end: 7
    - source: '-0'
      style: secondary
      start: 5
      end: 7
    - source: '>='
      style: secondary
      start: 2
      end: 4
