id: no-dupe-keys
snapshots:
  'var foo = {\n  bar: 1,\n  bar: 1,\n}':
    labels:
    - source: 'bar: 1'
      style: primary
      start: 26
      end: 32
    - source: '{\n  bar: 1,\n  bar: 1,\n}'
      style: secondary
      start: 10
      end: 36
    - source: bar
      style: secondary
      start: 15
      end: 18
    - source: 'bar: 1'
      style: secondary
      start: 15
      end: 21
    - source: '{\n  bar: 1,\n  bar: 1,\n}'
      style: secondary
      start: 10
      end: 36
    - source: bar
      style: secondary
      start: 26
      end: 29
  'var x = { a: 1, b: { a: 2 }, get b() {} };':
    labels:
    - source: get b() {}
      style: primary
      start: 29
      end: 39
    - source: '{ a: 1, b: { a: 2 }, get b() {} }'
      style: secondary
      start: 8
      end: 41
    - source: b
      style: secondary
      start: 16
      end: 17
    - source: 'b: { a: 2 }'
      style: secondary
      start: 16
      end: 27
    - source: get
      style: secondary
      start: 29
      end: 32
    - source: b
      style: secondary
      start: 33
      end: 34
    - source: '{ a: 1, b: { a: 2 }, get b() {} }'
      style: secondary
      start: 8
      end: 41
    - source: b
      style: secondary
      start: 33
      end: 34
  'var x = { a: 1, get a() {} };':
    labels:
    - source: get a() {}
      style: primary
      start: 16
      end: 26
    - source: '{ a: 1, get a() {} }'
      style: secondary
      start: 8
      end: 28
    - source: a
      style: secondary
      start: 10
      end: 11
    - source: 'a: 1'
      style: secondary
      start: 10
      end: 14
    - source: get
      style: secondary
      start: 16
      end: 19
    - source: a
      style: secondary
      start: 20
      end: 21
    - source: '{ a: 1, get a() {} }'
      style: secondary
      start: 8
      end: 28
    - source: a
      style: secondary
      start: 20
      end: 21
  'var x = { a: 1, set a(value) {} };':
    labels:
    - source: set a(value) {}
      style: primary
      start: 16
      end: 31
    - source: '{ a: 1, set a(value) {} }'
      style: secondary
      start: 8
      end: 33
    - source: a
      style: secondary
      start: 10
      end: 11
    - source: 'a: 1'
      style: secondary
      start: 10
      end: 14
    - source: set
      style: secondary
      start: 16
      end: 19
    - source: a
      style: secondary
      start: 20
      end: 21
    - source: '{ a: 1, set a(value) {} }'
      style: secondary
      start: 8
      end: 33
    - source: a
      style: secondary
      start: 20
      end: 21
  'var x = { y: 1, y: 2 };':
    labels:
    - source: 'y: 2'
      style: primary
      start: 16
      end: 20
    - source: '{ y: 1, y: 2 }'
      style: secondary
      start: 8
      end: 22
    - source: y
      style: secondary
      start: 10
      end: 11
    - source: 'y: 1'
      style: secondary
      start: 10
      end: 14
    - source: '{ y: 1, y: 2 }'
      style: secondary
      start: 8
      end: 22
    - source: y
      style: secondary
      start: 16
      end: 17
