id: no-debugger
snapshots:
  debugger:
    labels:
    - source: debugger
      style: primary
      start: 0
      end: 8
